#
# There is insufficient memory for the Java Runtime Environment to continue.
# Native memory allocation (mmap) failed to map 268435456 bytes. Error detail: G1 virtual space
# Possible reasons:
#   The system is out of physical RAM or swap space
#   This process is running with CompressedOops enabled, and the Java Heap may be blocking the growth of the native heap
# Possible solutions:
#   Reduce memory load on the system
#   Increase physical memory or swap space
#   Check if swap backing store is full
#   Decrease Java heap size (-Xmx/-Xms)
#   Decrease number of Java threads
#   Decrease Java thread stack sizes (-Xss)
#   Set larger code cache with -XX:ReservedCodeCacheSize=
#   JVM is running with Zero Based Compressed Oops mode in which the Java heap is
#     placed in the first 32GB address space. The Java Heap base address is the
#     maximum limit for the native heap growth. Please use -XX:HeapBaseMinAddress
#     to set the Java Heap base and to place the Java Heap above 32GB virtual address.
# This output file may be truncated or incomplete.
#
#  Out of Memory Error (os_windows.cpp:3618), pid=8668, tid=8856
#
# JRE version:  (17.0.19+10) (build )
# Java VM: OpenJDK 64-Bit Server VM (17.0.19+10, mixed mode, emulated-client, sharing, tiered, compressed oops, compressed class ptrs, g1 gc, windows-amd64)
# No core dump will be written. Minidumps are not enabled by default on client versions of Windows
#

---------------  S U M M A R Y ------------

Command Line: -XX:TieredStopAtLevel=1 -Dspring.output.ansi.enabled=always -Dcom.sun.management.jmxremote -Dspring.jmx.enabled=true -Dspring.liveBeansView.mbeanDomain -Dspring.application.admin.enabled=true -Dmanagement.endpoints.jmx.exposure.include=* -javaagent:C:\Program Files\JetBrains\IntelliJ IDEA 2026.1.3\lib\idea_rt.jar=59462 -Dfile.encoding=UTF-8 org.example.nvuc.NvucApplication

Host: Intel(R) Core(TM) i7-7700 CPU @ 3.60GHz, 8 cores, 15G,  Windows 10 , 64 bit Build 19041 (10.0.19041.5915)
Time: Mon Aug 10 09:07:39 2026 RTZ 4 (s 10 , 64 bit Build 19041 (10.0.19041.5915) elapsed time: 0.077549 seconds (0d 0h 0m 0s)

---------------  T H R E A D  ---------------

Current thread (0x00000280f3ee9b10):  JavaThread "Unknown thread" [_thread_in_vm, id=8856, stack(0x000000a7f4f00000,0x000000a7f5000000)]

Stack: [0x000000a7f4f00000,0x000000a7f5000000]
Native frames: (J=compiled Java code, j=interpreted, Vv=VM code, C=native code)
V  [jvm.dll+0x684b29]
V  [jvm.dll+0x83a2d5]
V  [jvm.dll+0x83bd4e]
V  [jvm.dll+0x83c3d3]
V  [jvm.dll+0x24905f]
V  [jvm.dll+0x6818e9]
V  [jvm.dll+0x6766ea]
V  [jvm.dll+0x3093b7]
V  [jvm.dll+0x3109a6]
V  [jvm.dll+0x360f1e]
V  [jvm.dll+0x36115d]
V  [jvm.dll+0x2e043c]
V  [jvm.dll+0x2e1348]
V  [jvm.dll+0x80d19b]
V  [jvm.dll+0x36eba1]
V  [jvm.dll+0x7ebd75]
V  [jvm.dll+0x3f47ab]
V  [jvm.dll+0x3f6291]
C  [jli.dll+0x52dc]
C  [ucrtbase.dll+0x21bb2]
C  [KERNEL32.DLL+0x17374]
C  [ntdll.dll+0x4cc91]


---------------  P R O C E S S  ---------------

Threads class SMR info:
_java_thread_list=0x00007ffd75f18f58, length=0, elements={
}

Java Threads: ( => current thread )

Other Threads:
  0x00000280f3f53970 GCTaskThread "GC Thread#0" [stack: 0x000000a7f5000000,0x000000a7f5100000] [id=8584]
  0x00000280f3f65790 ConcurrentGCThread "G1 Main Marker" [stack: 0x000000a7f5100000,0x000000a7f5200000] [id=16012]
  0x00000280f3f66950 ConcurrentGCThread "G1 Conc#0" [stack: 0x000000a7f5200000,0x000000a7f5300000] [id=17496]

[error occurred during error reporting (printing all threads), id 0xc0000005, EXCEPTION_ACCESS_VIOLATION (0xc0000005) at pc=0x00007ffd756d0f67]

VM state: not at safepoint (not fully initialized)

VM Mutex/Monitor currently owned by a thread:  ([mutex/lock_event])
[0x00000280f3ee3d30] Heap_lock - owner thread: 0x00000280f3ee9b10

Heap address: 0x0000000701400000, size: 4076 MB, Compressed Oops mode: Zero based, Oop shift amount: 3

CDS archive(s) mapped at: [0x0000000000000000-0x0000000000000000-0x0000000000000000), size 0, SharedBaseAddress: 0x0000000800000000, ArchiveRelocationMode: 1.
Narrow klass base: 0x0000000000000000, Narrow klass shift: 0, Narrow klass range: 0x0

GC Precious Log:
<Empty>

Heap:
 garbage-first heap   total 0K, used 0K [0x0000000701400000, 0x0000000800000000)
  region size 2048K, 0 young (0K), 0 survivors (0K)

[error occurred during error reporting (printing heap information), id 0xc0000005, EXCEPTION_ACCESS_VIOLATION (0xc0000005) at pc=0x00007ffd75abe139]

GC Heap History (0 events):
No events

Dll operation events (1 events):
Event: 0.069 Loaded shared library C:\Users\Lime\.jdks\temurin-17.0.19\bin\java.dll

Deoptimization events (0 events):
No events

Classes loaded (0 events):
No events

Classes unloaded (0 events):
No events

Classes redefined (0 events):
No events

Internal exceptions (0 events):
No events

VM Operations (0 events):
No events

Memory protections (0 events):
No events

Nmethod flushes (0 events):
No events

Events (0 events):
No events


Dynamic libraries:
0x00007ff62a7a0000 - 0x00007ff62a7ae000 	C:\Users\Lime\.jdks\temurin-17.0.19\bin\java.exe
0x00007ffdcc930000 - 0x00007ffdccb28000 	C:\WINDOWS\SYSTEM32\ntdll.dll
0x00007ffdcada0000 - 0x00007ffdcae62000 	C:\WINDOWS\System32\KERNEL32.DLL
0x00007ffdca390000 - 0x00007ffdca686000 	C:\WINDOWS\System32\KERNELBASE.dll
0x00007ffdca750000 - 0x00007ffdca850000 	C:\WINDOWS\System32\ucrtbase.dll
0x00007ffdadc50000 - 0x00007ffdadc68000 	C:\Users\Lime\.jdks\temurin-17.0.19\bin\jli.dll
0x00007ffd9fbb0000 - 0x00007ffd9fbce000 	C:\Users\Lime\.jdks\temurin-17.0.19\bin\VCRUNTIME140.dll
0x00007ffdb5b00000 - 0x00007ffdb5d9b000 	C:\WINDOWS\WinSxS\amd64_microsoft.windows.common-controls_6595b64144ccf1df_6.0.19041.6456_none_60b8a6cb71f64256\COMCTL32.dll
0x00007ffdca9d0000 - 0x00007ffdcaa6e000 	C:\WINDOWS\System32\msvcrt.dll
0x00007ffdcbcc0000 - 0x00007ffdcbe61000 	C:\WINDOWS\System32\USER32.dll
0x00007ffdca360000 - 0x00007ffdca382000 	C:\WINDOWS\System32\win32u.dll
0x00007ffdcb540000 - 0x00007ffdcb56b000 	C:\WINDOWS\System32\GDI32.dll
0x00007ffdca0e0000 - 0x00007ffdca1f9000 	C:\WINDOWS\System32\gdi32full.dll
0x00007ffdca040000 - 0x00007ffdca0dd000 	C:\WINDOWS\System32\msvcp_win.dll
0x00007ffdcbe70000 - 0x00007ffdcbe9f000 	C:\WINDOWS\System32\IMM32.DLL
0x00007ffdadc40000 - 0x00007ffdadc4c000 	C:\Users\Lime\.jdks\temurin-17.0.19\bin\vcruntime140_1.dll
0x00007ffd92d40000 - 0x00007ffd92dcd000 	C:\Users\Lime\.jdks\temurin-17.0.19\bin\msvcp140.dll
0x00007ffd753e0000 - 0x00007ffd7604c000 	C:\Users\Lime\.jdks\temurin-17.0.19\bin\server\jvm.dll
0x00007ffdcb2e0000 - 0x00007ffdcb391000 	C:\WINDOWS\System32\ADVAPI32.dll
0x00007ffdcb930000 - 0x00007ffdcb9cf000 	C:\WINDOWS\System32\sechost.dll
0x00007ffdcb3a0000 - 0x00007ffdcb4c0000 	C:\WINDOWS\System32\RPCRT4.dll
0x00007ffdca690000 - 0x00007ffdca6b7000 	C:\WINDOWS\System32\bcrypt.dll
0x00007ffdcac50000 - 0x00007ffdcacbb000 	C:\WINDOWS\System32\WS2_32.dll
0x00007ffdc99d0000 - 0x00007ffdc9a1b000 	C:\WINDOWS\SYSTEM32\POWRPROF.dll
0x00007ffdb68b0000 - 0x00007ffdb68d7000 	C:\WINDOWS\SYSTEM32\WINMM.dll
0x00007ffdc4aa0000 - 0x00007ffdc4aaa000 	C:\WINDOWS\SYSTEM32\VERSION.dll
0x00007ffdc99b0000 - 0x00007ffdc99c2000 	C:\WINDOWS\SYSTEM32\UMPDC.dll
0x00007ffdc7c30000 - 0x00007ffdc7c42000 	C:\WINDOWS\SYSTEM32\kernel.appcore.dll
0x00007ffdac000000 - 0x00007ffdac00a000 	C:\Users\Lime\.jdks\temurin-17.0.19\bin\jimage.dll
0x00007ffdc1c80000 - 0x00007ffdc1e81000 	C:\WINDOWS\SYSTEM32\DBGHELP.DLL
0x00007ffdb2af0000 - 0x00007ffdb2b24000 	C:\WINDOWS\SYSTEM32\dbgcore.DLL
0x00007ffdca6c0000 - 0x00007ffdca742000 	C:\WINDOWS\System32\bcryptPrimitives.dll
0x00007ffdadc70000 - 0x00007ffdadc7e000 	C:\Users\Lime\.jdks\temurin-17.0.19\bin\instrument.dll
0x00007ffd94de0000 - 0x00007ffd94e05000 	C:\Users\Lime\.jdks\temurin-17.0.19\bin\java.dll

dbghelp: loaded successfully - version: 4.0.5 - missing functions: none
symbol engine: initialized successfully - sym options: 0x614 - pdb path: .;C:\Users\Lime\.jdks\temurin-17.0.19\bin;C:\WINDOWS\SYSTEM32;C:\WINDOWS\WinSxS\amd64_microsoft.windows.common-controls_6595b64144ccf1df_6.0.19041.6456_none_60b8a6cb71f64256;C:\Users\Lime\.jdks\temurin-17.0.19\bin\server

VM Arguments:
jvm_args: -XX:TieredStopAtLevel=1 -Dspring.output.ansi.enabled=always -Dcom.sun.management.jmxremote -Dspring.jmx.enabled=true -Dspring.liveBeansView.mbeanDomain -Dspring.application.admin.enabled=true -Dmanagement.endpoints.jmx.exposure.include=* -javaagent:C:\Program Files\JetBrains\IntelliJ IDEA 2026.1.3\lib\idea_rt.jar=59462 -Dfile.encoding=UTF-8 
java_command: org.example.nvuc.NvucApplication
java_class_path (initial): C:\Users\Lime\IdeaProjects\nvuc\target\classes;C:\Users\Lime\.m2\repository\org\springframework\boot\spring-boot-starter-data-jpa\3.4.3\spring-boot-starter-data-jpa-3.4.3.jar;C:\Users\Lime\.m2\repository\org\springframework\boot\spring-boot-starter\3.4.3\spring-boot-starter-3.4.3.jar;C:\Users\Lime\.m2\repository\org\springframework\boot\spring-boot\3.4.3\spring-boot-3.4.3.jar;C:\Users\Lime\.m2\repository\org\springframework\boot\spring-boot-autoconfigure\3.4.3\spring-boot-autoconfigure-3.4.3.jar;C:\Users\Lime\.m2\repository\org\springframework\boot\spring-boot-starter-logging\3.4.3\spring-boot-starter-logging-3.4.3.jar;C:\Users\Lime\.m2\repository\ch\qos\logback\logback-classic\1.5.16\logback-classic-1.5.16.jar;C:\Users\Lime\.m2\repository\ch\qos\logback\logback-core\1.5.16\logback-core-1.5.16.jar;C:\Users\Lime\.m2\repository\org\apache\logging\log4j\log4j-to-slf4j\2.24.3\log4j-to-slf4j-2.24.3.jar;C:\Users\Lime\.m2\repository\org\apache\logging\log4j\log4j-api\2.24.3\log4j-api-2.24.3.jar;C:\Users\Lime\.m2\repository\org\slf4j\jul-to-slf4j\2.0.16\jul-to-slf4j-2.0.16.jar;C:\Users\Lime\.m2\repository\jakarta\annotation\jakarta.annotation-api\2.1.1\jakarta.annotation-api-2.1.1.jar;C:\Users\Lime\.m2\repository\org\yaml\snakeyaml\2.3\snakeyaml-2.3.jar;C:\Users\Lime\.m2\repository\org\springframework\boot\spring-boot-starter-jdbc\3.4.3\spring-boot-starter-jdbc-3.4.3.jar;C:\Users\Lime\.m2\repository\com\zaxxer\HikariCP\5.1.0\HikariCP-5.1.0.jar;C:\Users\Lime\.m2\repository\org\springframework\spring-jdbc\6.2.3\spring-jdbc-6.2.3.jar;C:\Users\Lime\.m2\repository\org\hibernate\orm\hibernate-core\6.6.8.Final\hibernate-core-6.6.8.Final.jar;C:\Users\Lime\.m2\repository\jakarta\persistence\jakarta.persistence-api\3.1.0\jakarta.persistence-api-3.1.0.jar;C:\Users\Lime\.m2\repository\jakarta\transaction\jakarta.transaction-api\2.0.1\jakarta.transaction-api-2.0.1.jar;C:\Users\Lime\.m2\repository\org\jboss\logging\jboss-logging\3.6.1.Final\jboss-logging-3.6.
Launcher Type: SUN_STANDARD

[Global flags]
     intx CICompilerCount                          = 4                                         {product} {ergonomic}
     uint ConcGCThreads                            = 2                                         {product} {ergonomic}
     uint G1ConcRefinementThreads                  = 8                                         {product} {ergonomic}
   size_t G1HeapRegionSize                         = 2097152                                   {product} {ergonomic}
    uintx GCDrainStackTargetSize                   = 64                                        {product} {ergonomic}
   size_t InitialHeapSize                          = 268435456                                 {product} {ergonomic}
     bool ManagementServer                         = true                                      {product} {command line}
   size_t MarkStackSize                            = 4194304                                   {product} {ergonomic}
   size_t MaxHeapSize                              = 4273995776                                {product} {ergonomic}
   size_t MinHeapDeltaBytes                        = 2097152                                   {product} {ergonomic}
   size_t MinHeapSize                              = 8388608                                   {product} {ergonomic}
    uintx NonProfiledCodeHeapSize                  = 0                                      {pd product} {ergonomic}
     bool ProfileInterpreter                       = false                                  {pd product} {command line}
    uintx ProfiledCodeHeapSize                     = 0                                      {pd product} {ergonomic}
   size_t SoftMaxHeapSize                          = 4273995776                             {manageable} {ergonomic}
     intx TieredStopAtLevel                        = 1                                         {product} {command line}
     bool UseCompressedClassPointers               = true                           {product lp64_product} {ergonomic}
     bool UseCompressedOops                        = true                           {product lp64_product} {ergonomic}
     bool UseG1GC                                  = true                                      {product} {ergonomic}
     bool UseLargePagesIndividualAllocation        = false                                  {pd product} {ergonomic}

Logging:
Log output configuration:
 #0: stdout all=warning uptime,level,tags
 #1: stderr all=off uptime,level,tags

Environment Variables:
JAVA_HOME=C:\Users\Lime\.jdks\temurin-17.0.17
PATH=C:\Program Files\Microsoft MPI\Bin\;C:\Program Files (x86)\Common Files\Oracle\Java\java8path;C:\Program Files (x86)\Common Files\Oracle\Java\javapath;C:\WINDOWS\system32;C:\WINDOWS;C:\WINDOWS\System32\Wbem;C:\WINDOWS\System32\WindowsPowerShell\v1.0\;C:\WINDOWS\System32\OpenSSH\;C:\Program Files\Git\cmd;C:\Program Files\Git LFS;C:\Program Files\Docker\Docker\resources\bin;C:\Program Files\dotnet\;C:\Program Files (x86)\Windows Kits\10\Windows Performance Toolkit\;C:\Program Files\nodejs\;C:\Users\Lime\AppData\Local\Android\Sdk\platform-tools;C:\Users\Lime\AppData\Local\Microsoft\WindowsApps;C:\Users\Lime\AppData\Local\Programs\Fiddler;C:\Users\Lime\AppData\Roaming\npm;C:\Program Files\JetBrains\IntelliJ IDEA 2026.1.3\bin
USERNAME=Lime
OS=Windows_NT
PROCESSOR_IDENTIFIER=Intel64 Family 6 Model 158 Stepping 9, GenuineIntel
TMP=C:\Users\Lime\AppData\Local\Temp
TEMP=C:\Users\Lime\AppData\Local\Temp



Periodic native trim disabled


---------------  S Y S T E M  ---------------

OS:
 Windows 10 , 64 bit Build 19041 (10.0.19041.5915)
OS uptime: 30 days 22:44 hours
Hyper-V role detected

CPU: total 8 (initial active 8) (4 cores per cpu, 2 threads per core) family 6 model 158 stepping 9 microcode 0xb4, cx8, cmov, fxsr, ht, mmx, 3dnowpref, sse, sse2, sse3, ssse3, sse4.1, sse4.2, popcnt, lzcnt, tsc, tscinvbit, avx, avx2, aes, erms, clmul, bmi1, bmi2, rtm, adx, fma, vzeroupper, clflush, clflushopt, hv
Processor Information for all 8 processors :
  Max Mhz: 3601, Current Mhz: 3601, Mhz Limit: 3601

Memory: 4k page, system-wide physical 16299M (1578M free)
TotalPageFile size 46744M (AvailPageFile size 192M)
current process WorkingSet (physical memory assigned to process): 10M, peak: 10M
current process commit charge ("private bytes"): 55M, peak: 311M

vm_info: OpenJDK 64-Bit Server VM (17.0.19+10) for windows-amd64 JRE (17.0.19+10), built on Apr 25 2026 08:04:44 by "admin" with MS VC++ 17.12 (VS2022)

END.
